[01;34m$'rainbow/\e[1m'[0m
[01;34m$'rainbow/\e[1m/'[0m$'\e[0m'
[01;34mrainbow[0m
[01;34mrainbow/[0m[01;32mexec.sh[0m
[01;34mrainbow/[0m[01;35msocket[0m
[01;34mrainbow/[0m[01;36mchardev_link[0m
[01;34mrainbow/[0m[01;36mlink.txt[0m
[01;34mrainbow/[0m[01mbroken[0m
[01;34mrainbow/[0m[30;42msticky_ow[0m
[01;34mrainbow/[0m[30;43msgid[0m
[01;34mrainbow/[0m[33mpipe[0m
[01;34mrainbow/[0m[34;42mow[0m
[01;34mrainbow/[0m[37;41msugid[0m
[01;34mrainbow/[0m[37;41msuid[0m
[01;34mrainbow/[0m[37;44msticky[0m
[01;34mrainbow/[0mfile.dat
[01;34mrainbow/[0mfile.txt
[01;34mrainbow/[0mlower.gz
[01;34mrainbow/[0mlower.tar
[01;34mrainbow/[0mlower.tar.gz
[01;34mrainbow/[0mlu.tar.GZ
[01;34mrainbow/[0mmh1
[01;34mrainbow/[0mmh2
[01;34mrainbow/[0mul.TAR.gz
[01;34mrainbow/[0mupper.GZ
[01;34mrainbow/[0mupper.TAR
[01;34mrainbow/[0mupper.TAR.GZ
