LC01;34RC$'rainbow/\e[1m'EC
LC01;34RC$'rainbow/\e[1m/'EC$'\e[0m'
LC01;34RCrainbow/ECLC01;32RCexec.shEC
LC01;34RCrainbow/ECLC01;35RCsocketEC
LC01;34RCrainbow/ECLC01;36RCbrokenEC
LC01;34RCrainbow/ECLC01;36RCchardev_linkEC
LC01;34RCrainbow/ECLC01;36RClink.txtEC
LC01;34RCrainbow/ECLC30;42RCsticky_owEC
LC01;34RCrainbow/ECLC30;43RCsgidEC
LC01;34RCrainbow/ECLC33RCpipeEC
LC01;34RCrainbow/ECLC34;42RCowEC
LC01;34RCrainbow/ECLC37;41RCsugidEC
LC01;34RCrainbow/ECLC37;41RCsuidEC
LC01;34RCrainbow/ECLC37;44RCstickyEC
LC01;34RCrainbow/ECfile.dat
LC01;34RCrainbow/ECfile.txt
LC01;34RCrainbow/EClower.gz
LC01;34RCrainbow/EClower.tar
LC01;34RCrainbow/EClower.tar.gz
LC01;34RCrainbow/EClu.tar.GZ
LC01;34RCrainbow/ECmh1
LC01;34RCrainbow/ECmh2
LC01;34RCrainbow/ECul.TAR.gz
LC01;34RCrainbow/ECupper.GZ
LC01;34RCrainbow/ECupper.TAR
LC01;34RCrainbow/ECupper.TAR.GZ
LC01;34RCrainbowEC
