basic/a
basic/b
basic/c/d
basic/e/f
basic/j/foo
basic/k/foo/bar
basic/l/foo/bar/baz
