rainbow
rainbow/[1m
rainbow/[1m/[0m
rainbow/broken
rainbow/chardev_link
rainbow/exec.sh
rainbow/file.dat
rainbow/file.txt
rainbow/link.txt
rainbow/lower.gz
rainbow/lower.tar
rainbow/lower.tar.gz
rainbow/lu.tar.GZ
rainbow/mh1
rainbow/mh2
rainbow/ow
rainbow/pipe
rainbow/sgid
rainbow/socket
rainbow/sticky
rainbow/sticky_ow
rainbow/sugid
rainbow/suid
rainbow/ul.TAR.gz
rainbow/upper.GZ
rainbow/upper.TAR
rainbow/upper.TAR.GZ
