.
./a
./b
./c
./c/d
./e
./e/f
./g
./g/h
./i
./j
./j/foo
./k
./k/foo
./k/foo/bar
./l
./l/foo
./l/foo/bar
./l/foo/bar/baz
