1: -rw-r--r-- mnt/lower/bar
1: -rw-r--r-- mnt/lower/baz
1: -rw-r--r-- mnt/lower/foo
1: -rw-r--r-- mnt/upper/baz/qux
1: -rw-r--r-- mnt/upper/foo
1: drwxr-xr-x mnt/lower
1: drwxr-xr-x mnt/upper
1: drwxr-xr-x mnt/upper/baz
2: w--------- mnt/upper/bar
3: -rw-r--r-- mnt/lower/bar
3: -rw-r--r-- mnt/lower/baz
3: -rw-r--r-- mnt/lower/foo
3: -rw-r--r-- mnt/upper/baz/qux
3: -rw-r--r-- mnt/upper/foo
3: drwxr-xr-x mnt/lower
3: drwxr-xr-x mnt/upper
3: drwxr-xr-x mnt/upper/baz
3: w--------- mnt/upper/bar
4: -rw-r--r-- mnt/lower/bar
4: -rw-r--r-- mnt/lower/baz
4: -rw-r--r-- mnt/lower/foo
4: -rw-r--r-- mnt/upper/baz/qux
4: drwxr-xr-x mnt/lower
4: drwxr-xr-x mnt/upper
4: drwxr-xr-x mnt/upper/baz
5: w--------- mnt/upper/bar
6: -rw-r--r-- mnt/lower/bar
6: -rw-r--r-- mnt/lower/baz
6: -rw-r--r-- mnt/lower/foo
6: -rw-r--r-- mnt/upper/baz/qux
6: drwxr-xr-x mnt/lower
6: drwxr-xr-x mnt/upper
6: drwxr-xr-x mnt/upper/baz
6: w--------- mnt/upper/bar
