.
.
./baz
./baz
./baz/qux
./baz/qux
./foo
./foo/bar
