-used +7: ./nextyear
-used 1: ./tomorrow
-used 2: ./dayafter
-used 7: ./nextweek
