merged
merged/bar
merged/baz
merged/baz/qux
merged/foo
